I'm sorry, but errors were detected in your script. Please correct the
errors listed below, and try again.


The label start is defined twice, at File "game/main.rpy", line 1:
label start:
and File "game/script.rpyc", line 11:



Ren'Py Version: Ren'Py 8.3.7.25031702
Wed Sep  3 23:48:59 2025
